// Jest Snapshot v1, https://goo.gl/fbAQLP

exports[`Pruebas en <TodoApp/> debe de mostrarse el componente correctamente 1`] = `
<div>
  <h1>
    TodoApp (
    0
    )
  </h1>
  <hr />
  <div
    className="row"
  >
    <div
      className="col-7"
    >
      <TodoList
        onDelete={[Function]}
        onToggle={[Function]}
        todos={Array []}
      />
    </div>
    <div
      className="col-5"
    >
      <TodoAdd
        handleAddtodo={[Function]}
      />
    </div>
  </div>
</div>
`;
